[    000000] Lnux verson 4.15.0-62-gneri (build@lc01-ad64-02) (gccverson 74.0 Ubunu 7..0-1buntu118.04.1) #69Ubuntu SMPWe Sp 4 2055:5 UTC 219 (Uuntu4.150-62.6-generc 4.1518)
[   0.00000 Comand ine: BOT_IMAE=/boot/vmliuz-4.1.0-62-enric ootUUID=7e8b2db-949-4ab-a8e3-91271b94bd ro cosoe=tt1 consle=tty0
[   0.00000] ERNEL upported cpus:
[   0.0000]   ntel GnuineItel
[    0.00000]  AMD uthenticMD
[   0.00000]   Cntau CenaurHaus
[    .000000]x8/fpu SuportingXSAVE eature0x01: 'x7 loatng poit registrs
    0.000000] x8/fpu Spportig XSVE feaure 0x02: 'SE reisters'
[   0.00000] x86fpu: Spportig XSVE feaure 0x04: 'AX regiters'
[   0.000000]x86/fpu:xstate_ofset[2:  576 xstat_sizs[]:  56
[   0.000000] 86/fu: Enaled xsate feture 0x7 conex size s 832 byte, using stndrd' formt.
[    000000]e820: BIOSprovidd phsial RAM map
    .00000] BIS-e820 [me 0x00000000000000-0x0000000009fbff usale
[   .00000] BIS-e820 [mem x00000000009c00-x00000000009fff]reservd
[   0000000 BIOS-820: [em 0x00000000f000-0x000000000ffff] resrved
    .00000] BIS-e820 [mem x0000000001000000x00000003fefff] uable
    .00000] BIS-e820 [me 000000000fff0000x0000003fffff] ACI data
[   0000000 BIOS-e820: mem 0x0000000fc000000x000000fec00ff] esrved
    0.00000] BIOS-820: [mem x00000000fee0000-00000000fe00ff] rserved
[   0.0000] BOS-e82: [mem0x0000000fff0000-000000000fffffff]reserved
[   000000] NX Execut Disabe) potecion: activ
    .00000]SMBIOS2.5 prsent.
[  0.00000] DMI: nntek GmbHVirtalBox/irtulBox, IOS VitualBo 1/01/00
[   0.00000] Hyprvisordeteted: KM
[   0.0000]e820: ast_pf = 0x3ff0 ax_arch_fn = 040000000
    .00000] TRR:Disabld
[    0.0000] x6/PAT:MTRRs disaled, sippig PA initializtion to.
[   0.000000] PU MTRRs al blan - virualize sytem.
[   000000] x6/PA: Cofiguratin [0-7: WB  T  UC-UC  WB WT UC- UC 
[    0.00000] foud SM MP-able at [mm x0009ff0-0x009ffff
[   0.00000] Sanning1 arasfor lo memry crrupion
[   0000000] AMDIK: [em 0359810000x6cb7ff]
[    .00000] ACI: Eary table chcksu verficaion isbled
[   0.00000] ACP: RSP 0x000000000E000 0002 (v02 BOX )
[    0.0000] ACPI XSDT 0x000000003FFF030 000C (v1 BO  VBXXDT 0000000 ASL 0000006)
[   000000] ACI: FCP 000000003FFF0F0 000F4 (v0 VBOX  VBOXFACP 000000 ASL  0000061)
[   0.0000] ACPI: SDT x00000003FFF04700021FF(v2 VBOX  VBOXIOS 000002INTL 2010528
    .000000] ACP: FACS0x00000003FFF000 00040
[   0.00000]ACPI FAC 0x00000003FFF200 00040
[   0.00000] CP: APC 0x00000003FF02400005C (v02VBOX  BOXAIC 0000001 AL  0000061)
[   000000] ACI: SSD 0x0000000FFF02A 001C (v1 VBX   VBXCPU 0000002 INTL 010052)
[    0.00000] o NUA coniguraton fund
[    .00000] akng anode at [mm 0x000000000000-0x00000003feffff]
[   0.00000] ODE_DATA(0 allocted mem x3ffc500-03ffeffff
[   0.0000] kv-clock: cpu , ms 0:3ff4001, pimar cpuclock
[   000000]kvmclock: sing msr 4b56401an 4b54d0
[   .00000] kv-clok:usng shedoffset o 440106710 cyces
[    000000] cocsoure: vmclck: as: 0xfffffffffffff ax_cyces: x1cd424dffb,ma_idle_s: 88190591483ns
[    0000000] one anes:
[    .00000]   DM     [me 0x0000000001000x000000000ffff]
[   000000]  DMA3    mem 0x00000000100000-000000003feffff
[   0.00000]  Norml   mpty
[   0.000000]   evic   empty
[   0000000 Mvable one start for each nde
[    0000000 Eary memorynoderanges
[   0.00000]   ode  0: [mm 0x00000000001000-0x000000000efff]
[   0.00000]  nod   0: mem 0x000000001000-00000003ffefff]
[   0.00000] Rservedbut unvailable:98 pags
[   0.0000] Initem setp node 0 [em0x000000000010000x00000003fefff]
[   0.00000] API: PM-Timer I Por: 0x408
[    0.00000]IOAPIC0]: pic_id2,vesion 32, adrss 0xfc00000 GSI 023
[   0.00000]ACI: IT_SRCOVR bu 0 busirq 0 loba_irq2 dfl df)
[    0.00000]ACPI: NT_SRCOVR bus 0 bu_irq 9global_irq 9lo level)
[   0000000] Usng ACP (MADT) for MP coniguraton infrmtion
[   0.00000] spboo: Alowing 2 CPUs,  hotlug PUs
[    .00000] PM: egiteed nosvemeory: [me 0x000000-0x0000ff]
[   0.00000] PM: egisteed nsavememory: [mm 0x009f000-x0009fff]
[    0.00000] PM:Regitered osave memory: [mm 0x00a000-0000efff]
[   0.00000] PM:Registred nosavememory: [mm 0x000000-0x00fffff
    .00000] e80: [me 0x4000000-0xfbffff] availabe fr PCI evices
[   0.00000] Botng paravrtualize kerne on KV
[   0.000000 clockource:refind-jifies: mask 0xfffffff maxcyles: 0fffffff,max_ide_ns 76455960011568 ns
[   0.00000] ranom: et_ranom_bytes calle from star_kerne+0x99/0x4fd ith rng_nit=
[   0.00000] stup_ercp: NR_CPU:8192 r_cpumsk_bits: nr_cp_ids:2 nr_ode_ds:1
    .00000] pecpu: Ebeded 6 agescpu 15152 r892 d2872 u04856
[   000000] P qpinlck hshtabl enties:256 (order 0, 406 bytes)
[   0.0000] Bult 1 znelits, oblity gouping on.  otl page: 257913
[   000000] olic zone:DMA3
[   0.00000] Kerne commad lie: BOT_IAGE=bot/mlinuz4.150-62geneic root=UID=e8b22db-849-abd-8e3-9127b94b0 roconsle=ty1 cnsol=tty0
[   0.0000] Memoy: 92908/104120K aailale (2300 kerel cde, 48K rwata, 417K rodaa, 236K nit,2384K bs, 65212K eserve, 0Kcma-reered)
[   0000000 SLUB:HWalgn=64, Oder=0-, MinOjecs=0,CPUs2, Nods=1
[   000000] KrnelUserpage table isolaion: eabled
[    0.0000] ftace:alocatng 3306 nties in 14 paes
    .00400] HierarhialRCU mpleentaion.
    .00400] RCU estrctin CPU fro NR_PUS=192 o r_cp_ids=2
[   0.00000]	Tsks RCU enbled
[   0.0400] RC: Adjutinggeomety for cu_fnoutleaf16, nr_cpuids=2
[  0.0000] NRIRQS: 24544,nr_irq: 440,preallocatedirqs: 6
[    .00400] Console: colour GA+ 0x25
    .04000 console [ty1] enaled
[   0004000 consoe [tty0] eabed
[   0.04000] ACPI: ore reision 017083
[   0.00400]ACPI: 2 CPI ML tbles succesfullyacqured an loade
[    0.004000] APIC: Switch to symmetric I/O mode setup
[    0.004413] x2apic enabled
[    0.008004] Switched APIC routing to physical x2apic.
[    0.016933] ..TIMER: vector=0x30 apic1=0 pin1=2 apic2=-1 pin2=-1
[    0.020005] tsc: Detected 2807.998 MHz processor
[    0.024010] Calibrating delay loop (skipped) preset value.. 5615.99 BogoMIPS (lpj=11231992)
[    0.028006] pid_max: default: 32768 minimum: 301
[    0.032042] Security Framework initialized
[    0.036006] Yama: becoming mindful.
[    0.040034] AppArmor: AppArmor initialized
[    0.044148] Dentry cache hash table entries: 131072 (order: 8, 1048576 bytes)
[    0.048126] Inode-cache hash table entries: 65536 (order: 7, 524288 bytes)
[    0.052020] Mount-cache hash table entries: 2048 (order: 2,16384 bytes)
[    0.056021] Mountpoint-cache hash table entries: 2048 (order: 2, 16384 bytes)
[    0.060295] Last level iTLB entries: 4KB 64, 2MB 8, 4MB 8
[    0.064006] Last level dTLB entries: 4KB 64, 2MB 0, 4MB 0, 1GB 4
[    0.068006] Spectre V1 : Mitigation: usercopy/swapgs barriers and __user pointer sanitization
[    0.072009] Spectre V2 : Mitigation: Full generic retpoline
[    0.076004] Spectre V2 : Spectre v2 / SpectreRSB mitigation: Filling RSB on context switch
[    0.080004] Speculative Store Bypass: Vulnerable
[    0.084037] MDS: Vulnerable: Clear CPU buffers attempted, no microcode
[    0.088244] Freeing SMP alternatives memory: 36K
[    0.100000] smpboot: CPU0: Intel(R) Core(TM) i7-7700HQ CPU @ 2.80GHz (family: 0x6, model: 0x9e, stepping: 0x9)
[    0.100087] Performance Events: unsupported p6 CPU model 158 no PMU driver, software events only.
[    0.108041] Hierarchical SRCU implementation.
[    0.113150] NMI watchdog: Perf event create on CPU 0 failed with -2
[    0.116006] NMI watchdog: Perf NMI watchdog permanently disabled
[    0.120161] smp: Bringing up secondary CPUs ...
[    0.124167] x86: Booting SMP configuration:
[    0.128003] .... node  #0, CPUs:      #1
[    0.004000] kvm-clock: cpu 1, msr 0:3ff44041, secondary cpu clock
[    0.468012] smp: Brought up 1 node, 2 CPUs
[    0.472012] smpboot: Max logical packages: 1
[    0.476006] smpboot: Total of 2 processors activated (11231.99 BogoMIPS)
[    0.484005] devtmpfs: initialized
[    0.488116] x86/mm: Memory block size: 128MB
[    0.492183] evm: security.selinux
[    0.496007] evm: security.SMACK64
[    0.500002] evm: security.SMACK64EXEC
[    0.504005] evm: security.SMACK64TRANSMUTE
[    0.508005] evm: security.SMACK64MMAP
[    0.512002] evm: security.apparmor
[    0.516004] evm: security.ima
[    0.520003] evm: security.capability
[    0.528050] clocksource: jiffies: mask: 0xffffffff max_cycles: 0xffffffff, max_idle_ns: 7645041785100000 ns
[    0.532018] futex hash table entries: 512 (order: 3, 32768 bytes)
[    0.537317] pinctrl core: initialized pinctrl subsystem
[    0.540127] RTC time:  4:23:53, date: 09/19/19
[    0.548061] NET: Registered protocol family 16
[    0.552107] audit: initializing netlink subsys (disabled)
[    0.556044] audit: type=2000 audit(1568866940.527:1): state=initialized audit_enabled=0 res=1
[    0.784007] cpuidle: using governor ladder
[    0.788025] cpuidle: using governor menu
[    0.792057] ACPI: bus type PCI registered
[    0.796006] acpiphp: ACPI Hot Plug PCI Controller Driver version: 0.5
[    0.800125] PCI: Using configuration type 1 for base access
[    0.808081] HugeTLB registered 2.00 MiB page size, pre-allocated 0 pages
[    0.816112] ACPI: Added _OSI(Module Device)
[    0.820013] ACPI: Added _OSI(Processor Device)
[    0.824005] ACPI: Added _OSI(3.0 _SCP Extensions)
[    0.828006] ACPI: Added _OSI(Processor Aggregator Device)
[    0.832018] ACPI: Added _OSI(Linux-Dell-Video)
[    0.836003] ACPI: Added _OSI(Linux-Lenovo-NV-HDMI-Audio)
[    0.840004] ACPI: Added _OSI(Linux-HPI-Hybrid-Graphics)
[    0.848299] ACPI: Executed 1 blocks of module-level executable AML code
[    0.863222] ACPI: Interpreter enabled
[    0.864016] ACPI: (supports S0 S5)
[    0.868005] ACPI: Using IOAPIC for interrupt routing
[    0.872348] PCI: Using host bridge windows from ACPI; if necessary, use "pci=nocrs" and report a bug
[    0.876449] ACPI: Enabled 2 GPEs in block 00 to 07
[    0.896909] ACPI: PCI Root Bridge [PCI0] (domain 0000 [bus 00-ff])
[    0.900008] acpi PNP0A03:00: _OSC: OS supports [ASPM ClockPM Segments MSI]
[    0.904049] acpi PNP0A03:00: _OSC: not requesting OS control; OS requires [ExtendedConfig ASPM ClockPM MSI]
[    0.908024] acpi PNP0A03:00: fail to add MMCONFIG information, can't access extended PCI configuration space under this bridge.
[    0.912532] PCI host bridge to bus 0000:00
[    0.916004] pci_bus 0000:00: root bus resource [io  0x0000-0x0cf7 window]
[    0.920006] pci_bus 0000:00: root bus resource [io  0x0d00-0xffff window]
[    0.924007] pci_bus 0000:00: root bus resource [mem 0x000a0000-0x000bffff window]
[    0.928008] pci_bus 0000:00: root bus resource [mem 0x40000000-0xfdffffff window]
[    0.932005] pci_bus 0000:00: root bus resource [bus 00-ff]
[    0.940939] pci 0000:00:01.1: legacy IDE quirk: reg 0x10: [io  0x01f0-0x01f7]
[    0.944009] pci 0000:00:01.1: legacy IDE quirk: reg 0x14: [io  0x03f6]
[    0.948007] pci 0000:00:01.1: legacy IDE quirk: reg 0x18: [io  0x0170-0x0177]
[    0.952006] pci 0000:00:01.1: legacy IDE quirk: reg 0x1c: [io  0x0376]
[    0.986239] pci 0000:00:07.0: quirk: [io  0x4000-0x403f] claimed by PIIX4 ACPI
[    0.988022] pci 0000:00:07.0: quirk: [io  0x4100-0x410f] claimed by PIIX4 SMB
[    1.012000] ACPI: PCI Interrupt Link [LNKA] (IRQs 5 9 10 *11)
[    1.016383] ACPI: PCI Interrupt Link [LNKB] (IRQs 5 9 *10 11)
[    1.020176] ACPI: PCI Interrupt Link [LNKC] (IRQs 5 *9 10 11)
[    1.024183] ACPI: PCI Interrupt Link [LNKD] (IRQs 5 9 10 *11)
[    1.032469] SCSI subsystem initialized
[    1.036039] pci 0000:00:02.0: vgaarb: setting as boot VGA device
[    1.040000] pci 0000:00:02.0: vgaarb: VGA device added: decodes=io+mem,owns=io+mem,locks=none
[    1.040010] pci 0000:00:02.0: vgaarb: bridge control possible
[    1.044004] vgaarb: loaded
[    1.048037] ACPI: bus type USB registered
[    1.052022] usbcore: registered new interface driver usbfs
[    1.056022] usbcore: registered new interface driver hub
[    1.060037] usbcore: registered new device driver usb
[    1.064078] EDAC MC: Ver: 3.0.0
[    1.068296] PCI: Using ACPI for IRQ routing
[    1.072328] NetLabel: Initializing
[    1.076002] NetLabel:  domain hash size = 128
[    1.080002] NetLabel:  protocols = UNLABELED CIPSOv4 CALIPSO
[    1.084039] NetLabel:  unlabeled traffic allowed by default
[    1.092023] clocksource: Switched to clocksource kvm-clock
[   .364 V: skuos uo6.6.
[    2.1405] V: Dqt-cae ha tab entes: 2 (oer 0 409 bytes

[   .204 AArr:ppmoFisyemEnabd  4.2743pn P AI it[   5.38] p:PnAC: un3 vis
[  57468 cckur: pim:as 0fff x_cles0xff, x_les:08014 
  7.5594 N: gitereproc fmi 2
[   .919] TC eabsh hastae trs:19(ode 4 655 bes

[   13973TCbid shab eris: 819(oer5,312 te
  11276]CPHashabs nfuredesblhe81 bd 92
[   .141 UP hash blenie 5 (de 216384 yt)  4.03] P-teastae trie 52 rd:  184yt)  5.450] NT:egted rotocofaly
  6.60] i 000::00:imting decPCPCtrsfs  17.999 p 00::00:ctatg A A ng wkaun
[ 19880]ci00002. Veo deve thhaowed R a[m 000000x0dff]
[ 21844] painintrfs.
[ 22865]reininrdmery: 196K

[   3.31] ocoue:scma: fffffffffff x_cles0x79564,axdlns44079557 n
[  25.3927plfo r_cs:egtereplfo R dic ( P dicfod)
[   27067336] Scningor l memy coupti eve 60 cond

[   28.093916] Initialise system trusted keyrings
[   28.257025] Key type blacklist registered
[   28.397270] workingset: timestamp_bits=36 max_order=18 bucket_order=0
[   28.627316] zbud: loaded
[   28.721792] squashfs: version 4.0 (2009/01/31) Phillip Lougher
[   28.922706] fuse init (API version 7.26)
[   29.099005] Key type asymmetric registered
[   29.234561] Asymmetric key parser 'x509' registered
[   29.413278] Block layer SCSI generic (bsg) driver version 0.4 loaded (major 246)
[   29.690703] io scheduler noop registered
[   29.827986] io scheduler deadline registered
[   29.978398] io scheduler cfq registered (default)
[   30.166672] ACPI: AC Adapter [AC] (off-line)
[   30.263325] input: Power Button as /devices/LNXSYSTM:00/LNXPWRBN:00/input/input0
[   30.482307] ACPI: Power Button [PWRF]
[   30.608159] input: Sleep Button as /devices/LNXSYSTM:00/LNXSLPBN:00/input/input1
[   30.825682] ACPI: Sleep Button [SLPF]
[   30.955584] Serial: 8250/16550 driver, 32 ports, IRQ sharing enabled
[   .9560]CP Bte St AT (tty est)
ÿ[   32.164845] 00:02: ttyS0 at I/O 0x3f8 (irq = 4, base_baud = 115200) is a 16550A
[   32.426153] Linux agpgart interface v0.103
[   32.554292] loop: module loaded
[   32.656408] scsi host0: ata_piix
[   32.775532] scsi host1: ata_piix
[   32.879994] ata1: PATA max UDMA/33 cmd 0x1f0 ctl 0x3f6 bmdma 0xd000 irq 14
[   33.107395] ata2: PATA max UDMA/33 cmd 0x170 ctl 0x376 bmdma 0xd008 irq 15
[   33.256183] libphy: Fixed MDIO Bus: probed
[   33.389634] tun: Universal TUN/TAP device driver, 1.6
[   33.610033] PPP generic driver version 2.4.2
[   33.787633] ehci_hcd: USB 2.0 'Enhanced' Host Controller (EHCI) Driver
[   34.068766] ehci-pci: EHCI PCI platform driver
[   34.247283] ehci-platform: EHCI generic platform driver
[   34.400030] ohci_hcd: USB 1.1 'Open' Host Controller (OHCI) Driver
[   34.561056] ohci-pci: OHCI PCI platform driver
[   34.689749] ohci-platform: OHCI generic platform driver
[   34.828013] uhci_hcd: USB Universal Host Controller Interface driver
[   35.039415] i8042: PNP: PS/2 Controller [PNP0303:PS2K,PNP0f03:PS2M] at 0x60,0x64 irq 1,12
[   35.280922] serio: i8042 KBD port at 0x60,0x64 irq 1
[   35.390582] serio: i8042 AUX port at 0x60,0x64 irq 12
[   35.480994] mousedev: PS/2 mouse device common for all mice
[   35.737580] input: AT Translated Set 2 keyboard as /devices/platform/i8042/serio0/input/input2
[   35.902671] rtc_cmos rtc_cmos: rtc core: registered rtc_cmos as rtc0
[   36.312593] rtc_cmos rtc_cmos: alarms up to one day, 114 bytes nvram
[ 36161]2cdeenris drver
[  7.825] dicmape uen vsi 1.3
[   38.139814] device-mapper: ioctl: 4.37.0-ioctl (2017-09-20) initialised: dm-devel@redhat.com
[   38.455232] ledtrig-cpu: registered to indicate activity on CPUs
[   38.691970] NET: Registered protocol family 10
[   38.849165] Segment Routing with IPv6
[   38.979972] NET: Registered protocol family 17
[   39.133293] Key type dns_resolver registered
[   39.293535] mce: Using 0 MCE banks
[   39.421048] RAS: Correctable Errors collector initialized.
[   39.622188] sched_clock: Marking stable (39622167544, 0)->(151072354468, -111450186924)
[   39.927714] registered taskstats version 1
[   40.103288] Loading compiled-in X.509 certificates
[   40.302075] Loaded X.509 cert 'Build time autogenerated kernel key: ff1b14b29a8b0fad041e56b58c2af39eda0766ce'
[   40.670731] zswap: loaded using pool lzo/zbud
[   40.834841] Key type big_key registered
[   40.958207] Key type trusted registered
[   41.101785] Key type encrypted registered
[   41.242294] AppArmor: AppArmor sha1 policy hashing enabled
[   41.444466] ima: No TPM chip found, activating TPM-bypass! (rc=-19)
[   41.672878] ima: Allocated hash algorithm: sha1
[   41.831825] evm: HMAC attrs: 0x1
[   41.951120]   Magic number: 3:690:363
[   42.065542] rtc_cmos rtc_cmos: setting system clock to 2019-09-19 04:24:46 UTC (1568867086)
[   42.365221] BIOS EDD facility v0.16 2004-Jun-25, 0 devices found
[   42.622801] EDD information not available.
[   42.794998] Freeing unused kernel image memory: 2436K
[   43.016966] Write protecting the kernel read-only data: 20480k
[   45.224119] Freeing unused kernel image memory: 2008K
[   47.184618] Freeing unused kernel image memory: 1972K
[   49.166376] x86/mm: Checked W+X mappings: passed, no W+X pages found.
[   51.636091] x86/mm: Checking user space page tables
[   53.489897] x86/mm: Checked W+X mappings: passed, no W+X pages found.
Loading, please wait...
starting version 237
[   56.266210] e1000: Intel(R) PRO/1000 Network Driver - version 7.3.21-k8-NAPI
[   56.487595] e1000: Copyright (c) 1999-2006 Intel Corporation.
[   56.649075] Fusion MPT base driver 3.04.20
[   56.771039] Copyright (c) 1999-2008 LSI Corporation
[   56.923289] input: ImExPS/2 Generic Explorer Mouse as /devices/platform/i8042/serio1/input/input4
[   57.203300] AVX2 version of gcm_enc/dec engaged.
[   57.352736] AES CTR mode by8 optimization enabled
[   57.368921] e1000 0000:00:03.0 eth0: (PCI:33MHz:32-bit) 02:54:57:2b:5c:0a
[   57.700860] e1000 0000:00:03.0 eth0: Intel(R) PRO/1000 Network Connection
[   57.947563] Fusion MPT SPI Host driver 3.04.20
[   58.438662] e1000 0000:00:08.0 eth1: (PCI:33MHz:32-bit) 08:00:27:84:5b:e3
[   58.668067] e1000 0000:00:08.0 eth1: Intel(R) PRO/1000 Network Connection
[   58.933830] e1000 0000:00:03.0 enp0s3: renamed from eth0
[   59.158889] mptbase: ioc0: Initiating bringup
[   59.340997] e1000 0000:00:08.0 enp0s8: renamed from eth1
[   59.428928] ioc0: LSI53C1030 A0: Capabilities={Initiator}
[   59.952436] scsi host2: ioc0: LSI53C1030 A0, FwRev=00000000h, Ports=1, MaxQ=256, IRQ=20
[   60.438268] scsi 2:0:0:0: Direct-Access     VBOX     HARDDISK         1.0  PQ: 0 ANSI: 5
[   60.933044] scsi target2:0:0: Beginning Domain Validation
[   62.880830] scsi target2:0:0: Domain Validation skipping write tests
[   65.137802] scsi target2:0:0: Ending Domain Validation
[   67.077406] scsi target2:0:0: asynchronous
[   68.355068] random: fast init done
[   69.516920] scsi 2:0:1:0: Direct-Access     VBOX     HARDDISK         1.0  PQ: 0 ANSI: 5
[   72.616194] scsi target2:0:1: Beginning Domain Validation
[   74.391355] scsi target2:0:1: Domain Validation skipping write tests
[   76.508107] scsi target2:0:1: Ending Domain Validation
[   78.327591] scsi target2:0:1: asynchronous
[   79.764319] random: systemd-udevd: uninitialized urandom read (16 bytes read)
[   79.764817] sd 2:0:0:0: [sda] 20971520 512-byte logical blocks: (10.7 GB/10.0 GiB)
[   79.953883] random: systemd-udevd: uninitialized urandom read (16 bytes read)
[   80.237559] sd 2:0:0:0: Attached scsi generic sg0 type 0
[   80.497991] random: systemd-udevd: uninitialized urandom read (16 bytes read)
[   80.692913] sd 2:0:0:0: [sda] Write Protect is off
[   80.944106] random: systemd-udevd: uninitialized urandom read (16 bytes read)
[   81.369306] sd 2:0:1:0: Attached scsi generic sg1 type 0
[   81.369333] sd 2:0:0:0: [sda] Incomplete mode parameter data
[   81.556887] random: systemd-udevd: uninitialized urandom read (16 bytes read)
[   81.773473] sd 2:0:0:0: [sda] Assuming drive cache: write through
[   81.782172]  sda: sda1
[   81.957119] random: systemd-udevd: uninitialized urandom read (16 bytes read)
[   82.122528] sd 2:0:0:0: [sda] Attached SCSI disk
[   82.204111] random: systemd-udevd: uninitialized urandom read (16 bytes read)
[   82.637300] sd 2:0:1:0: [sdb] 20480 512-byte logical blocks: (10.5 MB/10.0 MiB)
[   82.853540] random: systemd-udevd: uninitialized urandom read (16 bytes read)
[   83.124618] sd 2:0:1:0: [sdb] Write Protect is off
[   83.325419] random: systemd-udevd: uninitialized urandom read (16 bytes read)
[   83.770965] random: systemd-udevd: uninitialized urandom read (16 bytes read)
[   83.771302] sd 2:0:1:0: [sdb] Incomplete mode parameter data
[   84.241196] sd 2:0:1:0: [sdb] Assuming drive cache: write through
[   84.458268] sd 2:0:1:0: [sdb] Attached SCSI disk
Begin: Loading essential drivers ... [   86.784086] raid6: sse2x1   gen()  5905 MB/s
[   86.992112] raid6: sse2x1   xor()  3839 MB/s
[   87.180100] raid6: sse2x2   gen()  7139 MB/s
[   87.388111] raid6: sse2x2   xor()  4242 MB/s
[   87.588116] raid6: sse2x4   gen()  7232 MB/s
[   87.752072] raid6: sse2x4   xor()  4584 MB/s
[   87.936489] raid6: avx2x1   gen() 10647 MB/s
[   88.120437] raid6: avx2x1   xor()  7114 MB/s
[   88.296096] raid6: avx2x2   gen() 12760 MB/s
[   88.488398] raid6: avx2x2   xor()  8048 MB/s
[   88.676811] raid6: avx2x4   gen() 14115 MB/s
[   88.812436] raid6: avx2x4   xor()  9156 MB/s
[   88.973807] raid6: using algorithm avx2x4 gen() 14115 MB/s
[   89.193093] raid6: .... xor() 9156 MB/s, rmw enabled
[   89.375341] raid6: using avx2x2 recovery algorithm
[   89.562189] xor: automatically using best checksumming function   avx       
[   89.816420] async_tx: api initialized (async)
done.
Begin: Running /scripts/init-premount ... done.[   90.039738] Btrfs loaded, crc32c=crc32c-intel

Begin: Mounting root file system ... Begin: Running /scripts/local-top ... done[   90.290802] EXT4-fs (sda1): mounted filesystem with ordered data mode. Opts: (null)
.
Begin: Running /scripts/local-premount ... Scanning for Btrfs filesystems
done.
Warning: fsck not present, so skipping root file system
done.
Begin: Running /scripts/local-bottom ... done.
Begin: Running /scripts/init-bottom ... done.
[   91.894443] ip_tables: (C) 2000-2006 Netfilter Core Team
[   92.074956] random: crng init done
[   92.204022] systemd[1]: systemd 237 running in system mode. (+PAM +AUDIT +SELINUX +IMA +APPARMOR +SMACK +SYSVINIT +UTMP +LIBCRYPTSETUP +GCRYPT +GNUTLS +ACL +XZ +LZ4 +SECCOMP +BLKID +ELFUTILS +KMOD -IDN2 +IDN -PCRE2 default-hierarchy=hybrid)
[   92.924215] systemd[1]: Detected virtualization oracle.
[   93.128928] systemd[1]: Detected architecture x86-64.

Welcome to [1mUbuntu 18.04.2 LTS[0m!

[   93.426052] systemd[1]: Set hostname to <ubuntu-bionic>.
[   95.395809] systemd[1]: Reached target Swap.
[[0;32m  OK  [0m] Reached target Swap.
[   95.612629] systemd[1]: Set up automount Arbitrary Executable File Formats File System Automount Point.
[[0;32m  OK  [0m] Set up automount Arbitrary Executabâ€¦rmats File System Automount Point.
[   96.100925] systemd[1]: Reached target System Time Synchronized.
[[0;32m  OK  [0m] Reached target System Time Synchronized.
[   96.401751] systemd[1]: Created slice System Slice.
[[0;32m  OK  [0m] Created slice System Slice.
[   96.664340] systemd[1]: Listening on Device-mapper event daemon FIFOs.
[[0;32m  OK  [0m] Listening on Device-mapper event daemon FIFOs.
[   96.937448] systemd[1]: Listening on Journal Audit Socket.
[[0;32m  OK  [0m] Listening on Journal Audit Socket.
[   97.228613] systemd[1]: Listening on Syslog Socket.
[[0;32m  OK  [0m] Listening on Syslog Socket.
[   97.477408] systemd[1]: Listening on Network Service Netlink Socket.
[[0;32m  OK  [0m] Listening on Network Service Netlink Socket.
[   97.795561] systemd[1]: Created slice system-serial\x2dgetty.slice.
[[0;32m  OK  [0m] Created slice system-serial\x2dgetty.slice.
[   98.120435] systemd[1]: Listening on udev Kernel Socket.
[[0;32m  OK  [0m] Listening on udev Kernel Socket.
[   98.368734] systemd[1]: Listening on Journal Socket.
[[0;32m  OK  [0m] Listening on Journal Socket.
[   98.594876] systemd[1]: Mounting POSIX Message Queue File System...
         Mounting POSIX Message Queue File System...
[   98.885573] systemd[1]: Starting Uncomplicated firewall...
         Starting Uncomplicated firewall...
[   99.155861] systemd[1]: Starting Create list of required static device nodes for the current kernel...
         Starting Create list of required stâ€¦ce nodes for the current kernel...
[   99.607822] systemd[1]: Mounting Huge Pages File System...
         Mounting Huge Pages File System...
[   99.870828] systemd[1]: Starting Remount Root and Kernel File Systems...
[   99.906601] EXT4-fs (sda1): re-mounted. Opts: (null)
         Starting Remount Root and Kernel File Systems...
         Starting Set the console keyboard layout...
[[0;32m  OK  [0m] Listening on Journal Socket (/dev/log).
         Starting Journal Service...
[[0;32m  OK  [0m] Listening on LVM2 poll daemon socket.
[[0;32m  OK  [0m] Created slice User and Session Slice.
[[0;32m  OK  [0m] Reached target Slices.
[[0;32m  OK  [0m] Reached target User and Group Name Lookups.
[[0;32m  OK  [0m] Listening on /dev/initctl Compatibility Named Pipe.
[[0;32m  OK  [0m] Listening on udev Control Socket.
         Starting udev Coldplug all Devices...
[[0;32m  OK  [0m] Listening on LVM2 metadata daemon socket.
         Starting Monitoring of LVM2 mirrorsâ€¦ng dmeventd or progress polling...
[[0;32m  OK  [0m] Started Forward Password Requests to Wall Directory Watch.
         Starting Load Kernel Modules...
         [  101.366712] Loading iSCSI transport class v2.0-870.
Mounting Kernel Debug File Syste[  101.571496] iscsi: registered transport (tcp)
m...
[[0;32m  OK  [0m] Started Journal Service.
[  101.821802] iscsi: registered transport (iser)
[[0;32m  OK  [0m] Mounted POSIX Message Queue File System.
[[0;32m  OK  [0m] Started Uncomplicated firewall.
[[0;32m  OK  [0m] Started Create list of required staâ€¦vice nodes for the current kernel.
[[0;32m  OK  [0m] Mounted Huge Pages File System.
[[0;32m  OK  [0m] Started Remount Root and Kernel File Systems.
[[0;32m  OK  [0m] Started Set the console keyboard layout.
[[0;32m  OK  [0m] Started Load Kernel Modules.
[[0;32m  OK  [0m] Mounted Kernel Debug File System.
[[0;32m  OK  [0m] Started udev Coldplug all Devices.
[[0;32m  OK  [0m] Started LVM2 metadata daemon.
         Starting Apply Kernel Variables...
         Mounting Kernel Configuration File System...
         Mounting FUSE Control File System...
         Starting Load/Save Random Seed...
         Starting Create Static Device Nodes in /dev...
         Starting Flush Journal to Persistent Storage...
[[0;32m  OK  [0m] Started Monitoring of LVM2 mirrors,â€¦sing dmeventd or progress polling.
[[0;32m  OK  [0m] Started Apply Kernel Variables.
[[0;32m  OK  [0m] Mounted Kernel Configuration File System.
[[0;32m  OK  [0m] Mounted FUSE Control File System.
[[0;32m  OK  [0m] Started Load/Save Random Seed.
[[0;32m  OK  [0m] Started Create Static Device Nodes in /dev.
         Starting udev Kernel Device Manager...
[[0;32m  OK  [0m] Reached target Local File Systems (Pre).
[[0;32m  OK  [0m] Reached target Local File Systems.
         Starting Set console font and keymap...
         Starting Tell Plymouth To Write Out Runtime Data...
         Starting AppArmor initialization...
         Starting ebtables ruleset management...
[[0;32m  OK  [0m] Started udev Kernel Device Manager.
[[0;32m  OK  [0m] Started Set console font and keymap.
[[0;32m  OK  [0m] Started Tell Plymouth To Write Out Runtime Data.
[[0;32m  OK  [0m] Started Dispatch Password Requests to Console Directory Watch.
[[0;32m  OK  [0m] Reached target Local Encrypted Volumes.
[[0;32m  OK  [0m] Found device /dev/ttyS0.
[[0;32m  OK  [0m] Started ebtables ruleset management.
[[0;32m  OK  [0m] Listening on Load/Save RF Kill Switch Status /dev/rfkill Watch.
[[0;32m  OK  [0m] Started Flush Journal to Persistent Storage.
         Starting Create Volatile Files and Directories...
[[0;32m  OK  [0m] Started Create Volatile Files and Directories.
[[0;32m  OK  [0m] Started AppArmor initialization.
         Starting Initial cloud-init job (pre-networking)...
         Starting Update UTMP about System Boot/Shutdown...
[[0;32m  OK  [0m] Started Update UTMP about System Boot/Shutdown.
[  110.711629] cloud-init[581]: Cloud-init v. 19.1-1-gbaa47854-0ubuntu1~18.04.1 running 'init-local' at Thu, 19 Sep 2019 04:25:54 +0000. Up 109.84 seconds.
[[0;32m  OK  [0m] Started Initial cloud-init job (pre-networking).
[[0;32m  OK  [0m] Reached target Network (Pre).
         Starting Network Service...
[[0;32m  OK  [0m] Started Network Service.
         Starting Network Name Resolution...
         Starting Wait for Network to be Configured...
[[0;32m  OK  [0m] Started Network Name Resolution.
[[0;32m  OK  [0m] Reached target Network.
[[0;32m  OK  [0m] Reached target Host and Network Name Lookups.
[[0;32m  OK  [0m] Started Wait for Network to be Configured.
         Starting Initial cloud-init job (metadata service crawler)...
[  114.145766] cloud-init[731]: Cloud-init v. 19.1-1-gbaa47854-0ubuntu1~18.04.1 running 'init' at Thu, 19 Sep 2019 04:25:58 +0000. Up 113.59 seconds.
[  114.308373] cloud-init[731]: ci-info: ++++++++++++++++++++++++++++++++++++++Net device info+++++++++++++++++++++++++++++++++++++++
[  114.468431] cloud-init[731]: ci-info: +--------+------+-----------------------------+---------------+--------+-------------------+
[  114.608864] cloud-init[731]: ci-info: | Device |  Up  |           Address           |      Mask     | Scope  |     Hw-Address    |
[  114.758019] cloud-init[731]: ci-info: +--------+------+-----------------------------+---------------+--------+-------------------+
[[0;32m  OK  [0m] Started Initial cloud-init job (metadata service crawler).
[[0;32m  OK  [0m] Reached target Network is Online.
[  114.915423] cloud-init[731]: ci-info: | enp0s3 | True |          10.0.2.15          | 255.255.255.0 | global | 02:54:57:2b:5c:0a |
         Starting Availability of block devices...
[[0;32m  OK  [0m] Reached target Remote File Systems (Pre).
[[0;32m  OK  [0m] Reached target Remote File Systems.
[  115.211648] cloud-init[731]: ci-info: | enp0s3 | True |  fe80::54:57ff:fe2b:5c0a/64 |       .       |  link  | 02:54:57:2b:5c:0a |
[  115.592983] cloud-init[731]: ci-info: | enp0s8 | True |        192.168.33.10        | 255.255.255.0 | global | 08:00:27:84:5b:e3 |
[  115.772413] cloud-init[731]: ci-info: | enp0s8 | True | fe80::a00:27ff:fe84:5be3/64 |       .       |  link  | 08:00:27:84:5b:e3 |
[[0;32m  OK  [0m] Reached target Cloud-config availability.
[[0;32m  OK  [0m] Reached target System Initialization.
[[0;32m  OK  [0m[  115.948416] ] cloud-init[731]: Listening on D-Bus System Message Bus Socket.ci-info: |   lo   | True |          127.0.0.1          |   255.0.0.0   |  host  |         .         |

[[  116.341230] cloud-init[731]: ci-info: |   lo   | True |           ::1/128           |       .       |  host  |         .         |
[  116.341498] cloud-init[731]: ci-info: +--------+------+-----------------------------+---------------+--------+-------------------+
[0;32m  OK  [0m] Started Daily Cleanup of Temporary Directories.
[  116.341930] cloud-init[731]: ci-info: +++++++++++++++++++++++++++++Route IPv4 info+++++++++++++++++++++++++++++
[[  116.940749] cloud-init[731]: ci-info: +-------+--------------+----------+-----------------+-----------+-------+
[  116.941375] cloud-init[731]: ci-info: | Route | Destination  | Gateway  |     Genmask     | Interface | Flags |
[0;32m  OK  [0m] Listening on Open-iSCSI iscsid Socket.
[  116.941705] cloud-init[731]: ci-info: +-------+--------------+----------+-----------------+-----------+-------+
[[  117.445594] cloud-init[731]: ci-info: |   0   |   0.0.0.0    | 10.0.2.2 |     0.0.0.0     |   enp0s3  |   UG  |
[  117.445975] cloud-init[731]: ci-info: |   1   |   10.0.2.0   | 0.0.0.0  |  255.255.255.0  |   enp0s3  |   U   |
[0;32m  OK  [0m] Started Daily apt download activities.
[  117.446431] cloud-init[731]: ci-info: |   2   |   10.0.2.2   | 0.0.0.0  | 255.255.255.255 |   enp0s3  |   UH  |
[[  117.956810] cloud-init[731]: ci-info: |   3   | 192.168.33.0 | 0.0.0.0  |  255.255.255.0  |   enp0s8  |   U   |
[  117.957525] cloud-init[731]: ci-info: +-------+--------------+----------+-----------------+-----------+-------+
[0;32m  OK  [0m] Started ACPI Events Check.
[  117.959457] cloud-init[731]: ci-info: +++++++++++++++++++Route IPv6 info+++++++++++++++++++
[  118.433004] cloud-init[731]: ci-info: +-------+-------------+---------+-----------+-------+
[  118.540751] cloud-init[731]: ci-info: | Route | Destination | Gateway | Interface | Flags |
[  118.657637] cloud-init[731]: ci-info: +-------+-------------+---------+-----------+-------+
[  118.766001] cloud-init[731]: ci-info: |   1   |  fe80::/64  |    ::   |   enp0s8  |   U   |
[  118.888701] cloud-init[731]: ci-info: |   2   |  fe80::/64  |    ::   |   enp0s3  |   U   |
[  119.001977] cloud-init[731]: ci-info: |   4   |    local    |    ::   |   enp0s3  |   U   |
[  119.108258] cloud-init[731]: ci-info: |   5   |    local    |    ::   |   enp0s8  |   U   |
[[0;32m  OK  [0m] Listening on UUID daemon activation socket.
[[0;32m  OK  [0m] Reached target Paths.
[  119.229023] cloud-init[731]: ci-info: |   6   |   ff00::/8  |    ::   |   enp0s8  |   U   |
[  119.468234] cloud-init[731]: ci-info: |   7   |   ff00::/8  |    ::   |   enp0s3  |   U   |
[  119.576786] cloud-init[731]: ci-info: +-------+-------------+---------+-----------+-------+
[[0;32m  OK  [0m] Started Discard unused blocks once a week.
[[0;32m  OK  [0m] Listening on ACPID Listen Socket.
         Starting Socket activation for snappy daemon.
         Starting LXD - unix socket.
[[0;32m  OK  [0m] Started Daily apt upgrade and clean activities.
[[0;32m  OK  [0m] Started Message of the Day.
[[0;32m  OK  [0m] Reached target Timers.
[[0;32m  OK  [0m] Started Availability of block devices.
[[0;32m  OK  [0m] Listening on Socket activation for snappy daemon.
[[0;32m  OK  [0m] Listening on LXD - unix socket.
[[0;32m  OK  [0m] Reached target Sockets.
[[0;32m  OK  [0m] Reached target Basic System.
         Starting Permit User Sessions...
         Starting Login Service...
         Starting Accounts Service...
         Starting Dispatcher daemon for systemd-networkd...
[[0;32m  OK  [0m] Started irqbalance daemon.
[[0;32m  OK  [0m] Started FUSE filesystem for LXC.
         Starting System Logging Service...
[[0;32m  OK  [0m] Started D-Bus System Message Bus.
[[0;32m  OK  [0m] Started Deferred execution scheduler.
         Starting LXD - container startup/shutdown...
         Starting LSB: automatic crash report generation...
         Starting vboxadd.service...
         Starting OpenBSD Secure Shell server...
[[0;32m  OK  [0m] Started Regular background program processing daemon.
         Starting LSB: Record successful boot for GRUB...
         Starting Snappy daemon...
[[0;32m  OK  [0m] Started System Logging Service.
[[0;32m  OK  [0m] Started Dispatcher daemon for systemd-networkd.
[[0;32m  OK  [0m] Started Permit User Sessions.
[[0;32m  OK  [0m] Started OpenBSD Secure Shell server.
[[0;32m  OK  [0m] Started Login Service.
         Starting Authorization Manager...
[[0;32m  OK  [0m] Started Unattended Upgrades Shutdown.
         Starting Hold until boot process finishes up...
         Starting Terminate Plymouth Boot Screen...
[[0;32m  OK  [0m] Started LSB: automatic crash report generation.
[[0;32m  OK  [0m] Started LSB: Record successful boot for GRUB.
[[0;32m  OK  [0m] Started Hold until boot process finishes up.
[[0;32m  OK  [0m] Started LXD - container startup/shutdown.
[[0;32m  OK  [0m] Started Terminate Plymouth Boot Screen.
[[0;32m  OK  [0m] Started Authorization Manager.
[[0;32m  OK  [0m] Started Accounts Service.
[[0;32m  OK  [0m] Created slice User Slice of vagrant.
[[0;32m  OK  [0m] Started Serial Getty on ttyS0.
         Starting Set console scheme...
[[0;32m  OK  [0m] Started Set console scheme.
[[0;32m  OK  [0m] Started vboxadd.service.
[[0;32m  OK  [0m] Started Session 1 of user vagrant.
         Starting User Manager for UID 1000...
         Starting vboxadd-service.service...
[[0;32m  OK  [0m] Created slice system-getty.slice.
[[0;32m  OK  [0m] Started Getty on tty1.
[[0;32m  OK  [0m] Reached target Login Prompts.
[[0;32m  OK  [0m] Started Snappy daemon.
[[0;32m  OK  [0m] Started User Manager for UID 1000.
[[0;32m  OK  [0m] Started vboxadd-service.service.
         Starting Wait until snapd is fully seeded...
[[0;32m  OK  [0m] Started Wait until snapd is fully seeded.
         Starting Apply the settings specified in cloud-config...
[[0;32m  OK  [0m] Reached target Multi-User System.
[[0;32m  OK  [0m] Reached target Graphical Interface.
         Starting Update UTMP about System Runlevel Changes...
[[0;32m  OK  [0m] Started Update UTMP about System Runlevel Changes.
[  125.951305] cloud-init[1394]: Cloud-init v. 19.1-1-gbaa47854-0ubuntu1~18.04.1 running 'modules:config' at Thu, 19 Sep 2019 04:26:10 +0000. Up 125.67 seconds.
[[0;32m  OK  [0m] Started Apply the settings specified in cloud-config.
         Starting Execute cloud user/final scripts...
[  127.526518] cloud-init[1472]: Cloud-init v. 19.1-1-gbaa47854-0ubuntu1~18.04.1 running 'modules:final' at Thu, 19 Sep 2019 04:26:11 +0000. Up 127.22 seconds.
[[0;32m  OK  [0m] Started Execute cloud user/final scripts.
[  127.717457] cloud-init[1472]: Cloud-init v. 19.1-1-gbaa47854-0ubuntu1~18.04.1 finished at Thu, 19 Sep 2019 04:26:11 +0000. Datasource DataSourceNoCloud [seed=/dev/sdb][dsmode=net].  Up 127.51 seconds
[[0;32m  OK  [0m] Reached target Cloud-init target.

Ubuntu 18.04.2 LTS ubuntu-bionic ttyS0

ubuntu-bionic login: 